{
  "Entries": [
    {
      "RequestUri": "https://rooms-ppe-us.ppe.communication.azure.net/rooms?api-version=2022-02-01",
      "RequestMethod": "POST",
      "RequestHeaders": {
        "Accept": "application/json",
        "Authorization": "Sanitized",
        "Content-Length": "61",
        "Content-Type": "application/json",
        "Repeatability-First-Sent": "2022-06-28T00:01:26.1802992Z",
        "Repeatability-Request-ID": "bf1f1b21-9dfe-4fb6-841b-b293cb88daeb",
        "traceparent": "00-12634c8c75d7844091fda1d10bd3c75b-1e156073b6634646-00",
        "User-Agent": "azsdk-net-Communication.Rooms/1.0.0-alpha.20220627.1 (.NET Framework 4.8.4510.0; Microsoft Windows 10.0.19044 )",
        "x-ms-client-request-id": "c8e50d06a37827ce1dba751c9b93ba5d",
        "x-ms-content-sha256": "Sanitized",
        "x-ms-date": "Tue, 28 Jun 2022 00:01:26 GMT",
        "x-ms-return-client-request-id": "true"
      },
      "RequestBody": {
        "validFrom": "2022-12-01T00:00:00.0000000Z",
        "roomOpen": false
      },
      "StatusCode": 201,
      "ResponseHeaders": {
        "api-supported-versions": "2021-04-07, 2022-02-01",
        "Content-Type": "application/json; charset=utf-8",
        "Date": "Tue, 28 Jun 2022 00:01:25 GMT",
        "Location": "99425596311241205",
        "MS-CV": "sobbjB4cekCHtuX6y8/J6w.0",
        "Repeatability-Result": "accepted",
        "Transfer-Encoding": "chunked",
        "X-Azure-Ref": "01kS6YgAAAAAD1hSHC4f0QZ1U\u002B4wEKh2ZU0pDRURHRTA1MTQAZjA5YTRjMTMtMjFmMS00OGVjLTljZjctNjY1NDU2ODRiNjQy",
        "X-Cache": "CONFIG_NOCACHE"
      },
      "ResponseBody": {
        "id": "99425596311241205",
        "createdDateTime": "2022-06-28T00:01:26.6823142\u002B00:00",
        "validFrom": "2022-12-01T00:00:00\u002B00:00",
        "validUntil": "2022-12-25T00:01:26.6213587\u002B00:00",
        "roomJoinPolicy": "InviteOnly",
        "participants": []
      }
    },
    {
      "RequestUri": "https://rooms-ppe-us.ppe.communication.azure.net/rooms/99425596311241205?api-version=2022-02-01",
      "RequestMethod": "PATCH",
      "RequestHeaders": {
        "Accept": "application/json",
        "Authorization": "Sanitized",
        "Content-Length": "105",
        "Content-Type": "application/json",
        "traceparent": "00-3d92685690767a4eb3f8d8f5b4c370ca-25316b6cdda58841-00",
        "User-Agent": "azsdk-net-Communication.Rooms/1.0.0-alpha.20220627.1 (.NET Framework 4.8.4510.0; Microsoft Windows 10.0.19044 )",
        "x-ms-client-request-id": "1adae33bd5eb5155345b475fa33637b5",
        "x-ms-content-sha256": "Sanitized",
        "x-ms-date": "Tue, 28 Jun 2022 00:01:26 GMT",
        "x-ms-return-client-request-id": "true"
      },
      "RequestBody": {
        "validFrom": "2022-12-01T00:00:00.0000000Z",
        "validUntil": "2022-12-02T00:00:00.0000000Z",
        "roomOpen": false
      },
      "StatusCode": 200,
      "ResponseHeaders": {
        "api-supported-versions": "2021-04-07, 2022-02-01",
        "Content-Type": "application/json; charset=utf-8",
        "Date": "Tue, 28 Jun 2022 00:01:26 GMT",
        "MS-CV": "UutKThbvDkCcESmvA88dNw.0",
        "Transfer-Encoding": "chunked",
        "X-Azure-Ref": "01kS6YgAAAAAIC4ajNUXJQLJza479Kl4aU0pDRURHRTA1MTQAZjA5YTRjMTMtMjFmMS00OGVjLTljZjctNjY1NDU2ODRiNjQy",
        "X-Cache": "CONFIG_NOCACHE"
      },
      "ResponseBody": {
        "id": "99425596311241205",
        "createdDateTime": "2022-06-28T00:01:26.6823142\u002B00:00",
        "validFrom": "2022-12-01T00:00:00\u002B00:00",
        "validUntil": "2022-12-02T00:00:00\u002B00:00",
        "roomJoinPolicy": "InviteOnly",
        "participants": []
      }
    },
    {
      "RequestUri": "https://rooms-ppe-us.ppe.communication.azure.net/rooms/99425596311241205?api-version=2022-02-01",
      "RequestMethod": "DELETE",
      "RequestHeaders": {
        "Accept": "application/json",
        "Authorization": "Sanitized",
        "traceparent": "00-70040cb3bfba33408a1074809514dd95-a145f813d8a3074d-00",
        "User-Agent": "azsdk-net-Communication.Rooms/1.0.0-alpha.20220627.1 (.NET Framework 4.8.4510.0; Microsoft Windows 10.0.19044 )",
        "x-ms-client-request-id": "76a38fbd831ad560c401ffdf3517eaef",
        "x-ms-content-sha256": "Sanitized",
        "x-ms-date": "Tue, 28 Jun 2022 00:01:26 GMT",
        "x-ms-return-client-request-id": "true"
      },
      "RequestBody": null,
      "StatusCode": 204,
      "ResponseHeaders": {
        "api-supported-versions": "2021-04-07, 2022-02-01",
        "Date": "Tue, 28 Jun 2022 00:01:26 GMT",
        "MS-CV": "goa2s9Ev30ySL8cYhXytHQ.0",
        "X-Azure-Ref": "010S6YgAAAAATmz1fiUbJT7BYPvPAuzf9U0pDRURHRTA1MTQAZjA5YTRjMTMtMjFmMS00OGVjLTljZjctNjY1NDU2ODRiNjQy",
        "X-Cache": "CONFIG_NOCACHE"
      },
      "ResponseBody": null
    }
  ],
  "Variables": {
    "COMMUNICATION_LIVETEST_DYNAMIC_CONNECTION_STRING": "endpoint=https://rooms-ppe-us.ppe.communication.azure.net/;accesskey=Kg==",
    "RandomSeed": "930009536"
  }
}
