{
  "Entries": [
    {
      "RequestUri": "https://rooms-ppe-us.ppe.communication.azure.net/identities?api-version=2021-03-07",
      "RequestMethod": "POST",
      "RequestHeaders": {
        "Accept": "application/json",
        "Authorization": "Sanitized",
        "Content-Length": "2",
        "Content-Type": "application/json",
        "traceparent": "00-c634d08a525d7d04f7a8932999406f1f-24c02b263175c40d-00",
        "User-Agent": "azsdk-net-Communication.Identity/1.1.0-alpha.20220405.1 (.NET 6.0.3; Microsoft Windows 10.0.22000)",
        "x-ms-client-request-id": "cb09656399843fb43791e5de72ac518f",
        "x-ms-content-sha256": "Sanitized",
        "x-ms-date": "Wed, 06 Apr 2022 06:59:40 GMT",
        "x-ms-return-client-request-id": "true"
      },
      "RequestBody": {},
      "StatusCode": 201,
      "ResponseHeaders": {
        "api-supported-versions": "2020-07-20-preview2, 2021-02-22-preview1, 2021-03-07, 2021-10-31-preview, 2021-11-01, 2022-06-01",
        "Content-Length": "101",
        "Content-Type": "application/json; charset=utf-8",
        "Date": "Wed, 06 Apr 2022 06:59:40 GMT",
        "MS-CV": "3OEt/g5cQk2/qU\u002BVHgMpxw.0",
        "Request-Context": "appId=",
        "Strict-Transport-Security": "max-age=2592000",
        "X-Azure-Ref": "0XDpNYgAAAACNzSwS77UDRbJL8dhnQ1tPU0cyRURHRTI3MTgAZjA5YTRjMTMtMjFmMS00OGVjLTljZjctNjY1NDU2ODRiNjQy",
        "X-Cache": "CONFIG_NOCACHE",
        "x-ms-client-request-id": "cb09656399843fb43791e5de72ac518f",
        "X-Processing-Time": "29ms"
      },
      "ResponseBody": {
        "identity": {
          "id": "8:acs:db75ed0c-e801-41a3-99a4-66a0a119a06c_00000010-9d8d-9f01-84f5-08482200c611"
        }
      }
    },
    {
      "RequestUri": "https://rooms-ppe-us.ppe.communication.azure.net/identities?api-version=2021-03-07",
      "RequestMethod": "POST",
      "RequestHeaders": {
        "Accept": "application/json",
        "Authorization": "Sanitized",
        "Content-Length": "2",
        "Content-Type": "application/json",
        "traceparent": "00-277c8c1b72b1292bc6e24e80d3184b15-62673b6cc6200c1b-00",
        "User-Agent": "azsdk-net-Communication.Identity/1.1.0-alpha.20220405.1 (.NET 6.0.3; Microsoft Windows 10.0.22000)",
        "x-ms-client-request-id": "104dc762d13624bf50846fcf2d1de9cb",
        "x-ms-content-sha256": "Sanitized",
        "x-ms-date": "Wed, 06 Apr 2022 06:59:40 GMT",
        "x-ms-return-client-request-id": "true"
      },
      "RequestBody": {},
      "StatusCode": 201,
      "ResponseHeaders": {
        "api-supported-versions": "2020-07-20-preview2, 2021-02-22-preview1, 2021-03-07, 2021-10-31-preview, 2021-11-01, 2022-06-01",
        "Content-Length": "101",
        "Content-Type": "application/json; charset=utf-8",
        "Date": "Wed, 06 Apr 2022 06:59:40 GMT",
        "MS-CV": "3XHMk7iGo0G868nGW/dXXQ.0",
        "Request-Context": "appId=",
        "Strict-Transport-Security": "max-age=2592000",
        "X-Azure-Ref": "0XTpNYgAAAADA8wxyAd\u002BlT4n5tm/bzMG\u002BU0cyRURHRTI3MTgAZjA5YTRjMTMtMjFmMS00OGVjLTljZjctNjY1NDU2ODRiNjQy",
        "X-Cache": "CONFIG_NOCACHE",
        "x-ms-client-request-id": "104dc762d13624bf50846fcf2d1de9cb",
        "X-Processing-Time": "29ms"
      },
      "ResponseBody": {
        "identity": {
          "id": "8:acs:db75ed0c-e801-41a3-99a4-66a0a119a06c_00000010-9d8d-a021-84f5-08482200c612"
        }
      }
    },
    {
      "RequestUri": "https://rooms-ppe-us.ppe.communication.azure.net/identities?api-version=2021-03-07",
      "RequestMethod": "POST",
      "RequestHeaders": {
        "Accept": "application/json",
        "Authorization": "Sanitized",
        "Content-Length": "2",
        "Content-Type": "application/json",
        "traceparent": "00-7dc092e84cf028609409dd7c69dbe5be-098f2f5ce741003f-00",
        "User-Agent": "azsdk-net-Communication.Identity/1.1.0-alpha.20220405.1 (.NET 6.0.3; Microsoft Windows 10.0.22000)",
        "x-ms-client-request-id": "af8fefb2a6067a86c63b4cbb69a1db9e",
        "x-ms-content-sha256": "Sanitized",
        "x-ms-date": "Wed, 06 Apr 2022 06:59:40 GMT",
        "x-ms-return-client-request-id": "true"
      },
      "RequestBody": {},
      "StatusCode": 201,
      "ResponseHeaders": {
        "api-supported-versions": "2020-07-20-preview2, 2021-02-22-preview1, 2021-03-07, 2021-10-31-preview, 2021-11-01, 2022-06-01",
        "Content-Length": "101",
        "Content-Type": "application/json; charset=utf-8",
        "Date": "Wed, 06 Apr 2022 06:59:40 GMT",
        "MS-CV": "oyf/Xw23zUq//Giz5v\u002B6Ig.0",
        "Request-Context": "appId=",
        "Strict-Transport-Security": "max-age=2592000",
        "X-Azure-Ref": "0XTpNYgAAAAC4BJUmLjMZSLcmeTgsz4WEU0cyRURHRTI3MTgAZjA5YTRjMTMtMjFmMS00OGVjLTljZjctNjY1NDU2ODRiNjQy",
        "X-Cache": "CONFIG_NOCACHE",
        "x-ms-client-request-id": "af8fefb2a6067a86c63b4cbb69a1db9e",
        "X-Processing-Time": "27ms"
      },
      "ResponseBody": {
        "identity": {
          "id": "8:acs:db75ed0c-e801-41a3-99a4-66a0a119a06c_00000010-9d8d-a16f-84f5-08482200c613"
        }
      }
    },
    {
      "RequestUri": "https://rooms-ppe-us.ppe.communication.azure.net/identities?api-version=2021-03-07",
      "RequestMethod": "POST",
      "RequestHeaders": {
        "Accept": "application/json",
        "Authorization": "Sanitized",
        "Content-Length": "2",
        "Content-Type": "application/json",
        "traceparent": "00-0bd02d94f7e9c17815d975ca1b4a651a-acf4ca060a781929-00",
        "User-Agent": "azsdk-net-Communication.Identity/1.1.0-alpha.20220405.1 (.NET 6.0.3; Microsoft Windows 10.0.22000)",
        "x-ms-client-request-id": "fcfbf2cc01cf927ba5e47aff2ae41119",
        "x-ms-content-sha256": "Sanitized",
        "x-ms-date": "Wed, 06 Apr 2022 06:59:41 GMT",
        "x-ms-return-client-request-id": "true"
      },
      "RequestBody": {},
      "StatusCode": 201,
      "ResponseHeaders": {
        "api-supported-versions": "2020-07-20-preview2, 2021-02-22-preview1, 2021-03-07, 2021-10-31-preview, 2021-11-01, 2022-06-01",
        "Content-Length": "101",
        "Content-Type": "application/json; charset=utf-8",
        "Date": "Wed, 06 Apr 2022 06:59:41 GMT",
        "MS-CV": "H5Qwup0fnUCEInZ2gL8moQ.0",
        "Request-Context": "appId=",
        "Strict-Transport-Security": "max-age=2592000",
        "X-Azure-Ref": "0XTpNYgAAAACaf9O61l/xRLLgItngqS2WU0cyRURHRTI3MTgAZjA5YTRjMTMtMjFmMS00OGVjLTljZjctNjY1NDU2ODRiNjQy",
        "X-Cache": "CONFIG_NOCACHE",
        "x-ms-client-request-id": "fcfbf2cc01cf927ba5e47aff2ae41119",
        "X-Processing-Time": "28ms"
      },
      "ResponseBody": {
        "identity": {
          "id": "8:acs:db75ed0c-e801-41a3-99a4-66a0a119a06c_00000010-9d8d-a2a2-84f5-08482200c614"
        }
      }
    },
    {
      "RequestUri": "https://rooms-ppe-us.ppe.communication.azure.net/identities?api-version=2021-03-07",
      "RequestMethod": "POST",
      "RequestHeaders": {
        "Accept": "application/json",
        "Authorization": "Sanitized",
        "Content-Length": "2",
        "Content-Type": "application/json",
        "traceparent": "00-b1a588d2a472a02486fe9ff5fb74fa80-dbb5f0ae73ebf068-00",
        "User-Agent": "azsdk-net-Communication.Identity/1.1.0-alpha.20220405.1 (.NET 6.0.3; Microsoft Windows 10.0.22000)",
        "x-ms-client-request-id": "832b1aa7a11cbc8940d249fb8404baaf",
        "x-ms-content-sha256": "Sanitized",
        "x-ms-date": "Wed, 06 Apr 2022 06:59:41 GMT",
        "x-ms-return-client-request-id": "true"
      },
      "RequestBody": {},
      "StatusCode": 201,
      "ResponseHeaders": {
        "api-supported-versions": "2020-07-20-preview2, 2021-02-22-preview1, 2021-03-07, 2021-10-31-preview, 2021-11-01, 2022-06-01",
        "Content-Length": "101",
        "Content-Type": "application/json; charset=utf-8",
        "Date": "Wed, 06 Apr 2022 06:59:41 GMT",
        "MS-CV": "UKCrDlNmm025kLRDjmBusA.0",
        "Request-Context": "appId=",
        "Strict-Transport-Security": "max-age=2592000",
        "X-Azure-Ref": "0XjpNYgAAAAA7Xt4t4yYwTbABIQc1pdyDU0cyRURHRTI3MTgAZjA5YTRjMTMtMjFmMS00OGVjLTljZjctNjY1NDU2ODRiNjQy",
        "X-Cache": "CONFIG_NOCACHE",
        "x-ms-client-request-id": "832b1aa7a11cbc8940d249fb8404baaf",
        "X-Processing-Time": "26ms"
      },
      "ResponseBody": {
        "identity": {
          "id": "8:acs:db75ed0c-e801-41a3-99a4-66a0a119a06c_00000010-9d8d-a3bf-84f5-08482200c615"
        }
      }
    },
    {
      "RequestUri": "https://rooms-ppe-us.ppe.communication.azure.net/rooms?api-version=2022-02-01",
      "RequestMethod": "POST",
      "RequestHeaders": {
        "Accept": "application/json, text/json",
        "Authorization": "Sanitized",
        "Content-Length": "311",
        "Content-Type": "application/json",
        "traceparent": "00-46b5d0eb13782d6e922eb51199c9a428-0576b93516d7383e-00",
        "User-Agent": "azsdk-net-Communication.Rooms/1.0.0-alpha.20220405.1 (.NET 6.0.3; Microsoft Windows 10.0.22000)",
        "x-ms-client-request-id": "3a02d0a9ed22b1fc74fd09212b8750e2",
        "x-ms-content-sha256": "Sanitized",
        "x-ms-date": "Wed, 06 Apr 2022 06:59:41 GMT",
        "x-ms-return-client-request-id": "true"
      },
      "RequestBody": {
        "validFrom": "2022-05-01T00:00:00.0000000Z",
        "validUntil": "2022-05-02T00:00:00.0000000Z",
        "participants": {
          "8:acs:db75ed0c-e801-41a3-99a4-66a0a119a06c_00000010-9d8d-9f01-84f5-08482200c611": {
            "role": "Presenter"
          },
          "8:acs:db75ed0c-e801-41a3-99a4-66a0a119a06c_00000010-9d8d-a021-84f5-08482200c612": {
            "role": "Organizer"
          }
        }
      },
      "StatusCode": 201,
      "ResponseHeaders": {
        "api-supported-versions": "2021-04-07, 2022-02-01",
        "Content-Type": "application/json; charset=utf-8",
        "Date": "Wed, 06 Apr 2022 06:59:41 GMT",
        "Location": "9943555919911974",
        "MS-CV": "k8WPFpIhpk68L6p0gNJaVg.0",
        "Transfer-Encoding": "chunked",
        "X-Azure-Ref": "0XjpNYgAAAABZsR5uehE8Q5v/EYGX3khhU0cyRURHRTI3MTgAZjA5YTRjMTMtMjFmMS00OGVjLTljZjctNjY1NDU2ODRiNjQy",
        "X-Cache": "CONFIG_NOCACHE"
      },
      "ResponseBody": {
        "room": {
          "id": "9943555919911974",
          "createdDateTime": "2022-04-06T06:59:42.5519628\u002B00:00",
          "validFrom": "2022-05-01T00:00:00\u002B00:00",
          "validUntil": "2022-05-02T00:00:00\u002B00:00",
          "participants": {
            "8:acs:db75ed0c-e801-41a3-99a4-66a0a119a06c_00000010-9d8d-9f01-84f5-08482200c611": {
              "role": "Presenter"
            },
            "8:acs:db75ed0c-e801-41a3-99a4-66a0a119a06c_00000010-9d8d-a021-84f5-08482200c612": {
              "role": "Organizer"
            }
          }
        }
      }
    },
    {
      "RequestUri": "https://rooms-ppe-us.ppe.communication.azure.net/rooms/9943555919911974?api-version=2022-02-01",
      "RequestMethod": "PATCH",
      "RequestHeaders": {
        "Accept": "application/json, text/json",
        "Authorization": "Sanitized",
        "Content-Length": "222",
        "Content-Type": "application/merge-patch\u002Bjson",
        "traceparent": "00-f9f7d3809e7cecceb07132b6b84be641-995c6e2bac13dfcd-00",
        "User-Agent": "azsdk-net-Communication.Rooms/1.0.0-alpha.20220405.1 (.NET 6.0.3; Microsoft Windows 10.0.22000)",
        "x-ms-client-request-id": "4f13322958752a81693ebbfcb7800da1",
        "x-ms-content-sha256": "Sanitized",
        "x-ms-date": "Wed, 06 Apr 2022 06:59:42 GMT",
        "x-ms-return-client-request-id": "true"
      },
      "RequestBody": {
        "participants": {
          "8:acs:db75ed0c-e801-41a3-99a4-66a0a119a06c_00000010-9d8d-a16f-84f5-08482200c613": {
            "role": "Consumer"
          },
          "8:acs:db75ed0c-e801-41a3-99a4-66a0a119a06c_00000010-9d8d-a2a2-84f5-08482200c614": {
            "role": "Attendee"
          }
        }
      },
      "StatusCode": 200,
      "ResponseHeaders": {
        "api-supported-versions": "2021-04-07, 2022-02-01",
        "Content-Type": "application/json; charset=utf-8",
        "Date": "Wed, 06 Apr 2022 06:59:42 GMT",
        "MS-CV": "KtL\u002BYmMmrkOHGWCxuls6Yg.0",
        "Transfer-Encoding": "chunked",
        "X-Azure-Ref": "0XjpNYgAAAADSjxT\u002BkgxPSKCL4sCNP6p4U0cyRURHRTI3MTgAZjA5YTRjMTMtMjFmMS00OGVjLTljZjctNjY1NDU2ODRiNjQy",
        "X-Cache": "CONFIG_NOCACHE"
      },
      "ResponseBody": {
        "room": {
          "id": "9943555919911974",
          "createdDateTime": "2022-04-06T06:59:42.5519628\u002B00:00",
          "validFrom": "2022-05-01T00:00:00\u002B00:00",
          "validUntil": "2022-05-02T00:00:00\u002B00:00",
          "participants": {
            "8:acs:db75ed0c-e801-41a3-99a4-66a0a119a06c_00000010-9d8d-9f01-84f5-08482200c611": {
              "role": "Presenter"
            },
            "8:acs:db75ed0c-e801-41a3-99a4-66a0a119a06c_00000010-9d8d-a021-84f5-08482200c612": {
              "role": "Organizer"
            },
            "8:acs:db75ed0c-e801-41a3-99a4-66a0a119a06c_00000010-9d8d-a16f-84f5-08482200c613": {
              "role": "Consumer"
            },
            "8:acs:db75ed0c-e801-41a3-99a4-66a0a119a06c_00000010-9d8d-a2a2-84f5-08482200c614": {
              "role": "Attendee"
            }
          }
        }
      }
    },
    {
      "RequestUri": "https://rooms-ppe-us.ppe.communication.azure.net/rooms/9943555919911974?api-version=2022-02-01",
      "RequestMethod": "DELETE",
      "RequestHeaders": {
        "Accept": "application/json",
        "Authorization": "Sanitized",
        "traceparent": "00-51e1a7cb6c9ad404a0371a26dbaf6694-dfe5f93dc4097aa8-00",
        "User-Agent": "azsdk-net-Communication.Rooms/1.0.0-alpha.20220405.1 (.NET 6.0.3; Microsoft Windows 10.0.22000)",
        "x-ms-client-request-id": "5956ca29d6e1baf71d790e1f986790b9",
        "x-ms-content-sha256": "Sanitized",
        "x-ms-date": "Wed, 06 Apr 2022 06:59:42 GMT",
        "x-ms-return-client-request-id": "true"
      },
      "RequestBody": null,
      "StatusCode": 204,
      "ResponseHeaders": {
        "api-supported-versions": "2021-04-07, 2022-02-01",
        "Date": "Wed, 06 Apr 2022 06:59:43 GMT",
        "MS-CV": "HjohmpuqhkitIinPGmmVzw.0",
        "X-Azure-Ref": "0XzpNYgAAAADimG2sSqbaR5Rer2Uw1vT/U0cyRURHRTI3MTgAZjA5YTRjMTMtMjFmMS00OGVjLTljZjctNjY1NDU2ODRiNjQy",
        "X-Cache": "CONFIG_NOCACHE"
      },
      "ResponseBody": null
    }
  ],
  "Variables": {
    "COMMUNICATION_LIVETEST_DYNAMIC_CONNECTION_STRING": "endpoint=https://rooms-ppe-us.ppe.communication.azure.net/;accesskey=Kg==",
    "RandomSeed": "1568866159"
  }
}
